// Jest Snapshot v1, https://goo.gl/fbAQLP

exports[`getStore match snapshot 1`] = `
Object {
  "get": [Function],
  "set": [Function],
  "subscribe": [Function],
}
`;
